   Compiling cfg-if v1.0.0
   Compiling memchr v2.7.4
   Compiling allocator-api2 v0.2.21
   Compiling foldhash v0.1.4
   Compiling either v1.13.0
   Compiling itoa v1.0.14
   Compiling equivalent v1.0.1
   Compiling ryu v1.0.18
   Compiling byteorder v1.5.0
   Compiling libc v0.2.169
   Compiling crossbeam-utils v0.8.21
   Compiling once_cell v1.20.2
   Compiling num-traits v0.2.19
   Compiling serde v1.0.217
   Compiling aleo-std-cpu v0.1.4
   Compiling aleo-std-timer v0.1.2
   Compiling aleo-std-profiler v0.1.15
   Compiling thiserror v2.0.12
   Compiling anyhow v1.0.95
   Compiling zerocopy v0.7.35
   Compiling zeroize v1.8.1
   Compiling smol_str v0.2.2
   Compiling itertools v0.11.0
   Compiling minimal-lexical v0.2.1
   Compiling smallvec v1.13.2
   Compiling bech32 v0.9.1
   Compiling hashbrown v0.15.2
   Compiling typenum v1.17.0
   Compiling encoding_index_tests v0.1.4
   Compiling subtle v2.6.1
   Compiling crossbeam-epoch v0.9.18
   Compiling num-integer v0.1.46
   Compiling nom v7.1.3
   Compiling getrandom v0.2.15
   Compiling dirs-sys v0.3.7
   Compiling dirs v4.0.0
   Compiling num-bigint v0.4.6
   Compiling rand_core v0.6.4
   Compiling crossbeam-deque v0.8.6
   Compiling ppv-lite86 v0.2.20
   Compiling aleo-std-storage v0.1.7
   Compiling num_cpus v1.16.0
   Compiling socket2 v0.5.8
   Compiling aleo-std v0.1.24
   Compiling rand_xorshift v0.3.0
   Compiling generic-array v0.14.7
   Compiling rayon-core v1.12.1
   Compiling libz-sys v1.1.21
   Compiling scopeguard v1.2.0
   Compiling rand_chacha v0.3.1
   Compiling crunchy v0.2.3
   Compiling parking_lot_core v0.9.10
   Compiling cpufeatures v0.2.17
   Compiling lock_api v0.4.12
   Compiling curl-sys v0.4.78+curl-8.11.0
   Compiling encoding-index-simpchinese v1.20141219.5
   Compiling encoding-index-japanese v1.20141219.5
   Compiling encoding-index-singlebyte v1.20141219.5
   Compiling encoding-index-korean v1.20141219.5
   Compiling encoding-index-tradchinese v1.20141219.5
   Compiling rand v0.8.5
   Compiling arrayref v0.3.9
   Compiling lazy_static v1.5.0
   Compiling arrayvec v0.7.6
   Compiling constant_time_eq v0.3.1
   Compiling curl v0.4.47
   Compiling colored v2.2.0
   Compiling parking_lot v0.12.3
   Compiling encoding v0.2.33
   Compiling blake2s_simd v1.0.2
   Compiling tiny-keccak v2.0.2
   Compiling ahash v0.8.11
   Compiling hex v0.4.3
   Compiling crypto-common v0.1.6
   Compiling rayon v1.10.0
   Compiling block-buffer v0.10.4
   Compiling hashbrown v0.14.5
   Compiling fxhash v0.2.1
   Compiling digest v0.10.7
   Compiling bs58 v0.5.1
   Compiling sha2 v0.10.8
   Compiling blake2 v0.10.6
   Compiling enum-iterator v2.1.0
   Compiling enum_index v0.2.0
   Compiling zerofrom v0.1.5
   Compiling stable_deref_trait v1.2.0
   Compiling yoke v0.7.5
   Compiling pin-project-lite v0.2.16
   Compiling bytes v1.9.0
   Compiling zerovec v0.10.4
   Compiling bincode v1.3.3
   Compiling writeable v0.5.5
   Compiling litemap v0.7.4
   Compiling lru v0.12.5
   Compiling futures-core v0.3.31
   Compiling core-foundation-sys v0.8.7
   Compiling futures-sink v0.3.31
   Compiling icu_locid_transform_data v1.5.0
   Compiling slab v0.4.9
   Compiling futures-channel v0.3.31
   Compiling mio v1.0.3
   Compiling pin-utils v0.1.0
   Compiling icu_properties_data v1.5.0
   Compiling futures-task v0.3.31
   Compiling bitflags v2.8.0
   Compiling futures-io v0.3.31
   Compiling core-foundation v0.9.4
   Compiling errno v0.3.10
   Compiling futures-util v0.3.31
   Compiling fnv v1.0.7
   Compiling utf16_iter v1.0.5
   Compiling write16 v1.0.0
   Compiling icu_normalizer_data v1.5.0
   Compiling utf8_iter v1.0.4
   Compiling http v0.2.12
   Compiling rustix v0.38.44
   Compiling security-framework-sys v2.14.0
   Compiling tracing-core v0.1.33
   Compiling fastrand v2.3.0
   Compiling percent-encoding v2.3.1
   Compiling form_urlencoded v1.2.1
   Compiling tracing v0.1.41
   Compiling tokio v1.44.2
   Compiling security-framework v2.11.1
   Compiling tinystr v0.7.6
   Compiling icu_collections v1.5.0
   Compiling try-lock v0.2.5
   Compiling icu_locid v1.5.0
   Compiling want v0.3.1
   Compiling httparse v1.9.5
   Compiling tower-service v0.3.3
   Compiling httpdate v1.0.3
   Compiling system-configuration-sys v0.5.0
   Compiling log v0.4.25
   Compiling base64 v0.21.7
   Compiling bitflags v1.3.2
   Compiling http-body v0.4.6
   Compiling system-configuration v0.5.1
   Compiling serde_urlencoded v0.7.1
   Compiling encoding_rs v0.8.35
   Compiling ipnet v2.11.0
   Compiling rustls-pemfile v1.0.4
   Compiling base64 v0.22.1
   Compiling icu_provider v1.5.0
   Compiling tempfile v3.15.0
   Compiling sync_wrapper v0.1.2
   Compiling native-tls v0.2.13
   Compiling icu_locid_transform v1.5.0
   Compiling indexmap v2.7.1
   Compiling mime v0.3.17
   Compiling aleo-wasm v0.9.2 (/Users/royrotstein/provablehq/sdk/wasm)
   Compiling spmc v0.3.0
   Compiling icu_properties v1.5.1
   Compiling serde_json v1.0.137
   Compiling futures-executor v0.3.31
   Compiling futures v0.3.31
   Compiling snarkvm-utilities v1.5.0
   Compiling wasm-bindgen v0.2.100
   Compiling icu_normalizer v1.5.0
   Compiling tokio-util v0.7.13
   Compiling tokio-native-tls v0.3.1
   Compiling snarkvm-fields v1.5.0
   Compiling js-sys v0.3.77
   Compiling console_error_panic_hook v0.1.7
   Compiling idna_adapter v1.2.0
   Compiling idna v1.0.3
   Compiling h2 v0.3.26
   Compiling url v2.5.4
   Compiling ureq v2.12.1
   Compiling snarkvm-curves v1.5.0
   Compiling snarkvm-console-network-environment v1.5.0
   Compiling snarkvm-console-types-boolean v1.5.0
   Compiling snarkvm-console-types-field v1.5.0
   Compiling snarkvm-console-types-scalar v1.5.0
   Compiling snarkvm-console-types-integers v1.5.0
   Compiling snarkvm-console-types-group v1.5.0
   Compiling snarkvm-console-types-address v1.5.0
   Compiling snarkvm-console-types-string v1.5.0
   Compiling web-sys v0.3.77
   Compiling wasm-bindgen-futures v0.4.50
   Compiling snarkvm-console-types v1.5.0
   Compiling snarkvm-console-algorithms v1.5.0
   Compiling hyper v0.14.32
   Compiling snarkvm-console-collections v1.5.0
   Compiling snarkvm-parameters v1.5.0
   Compiling hyper-tls v0.5.0
   Compiling reqwest v0.11.27
   Compiling snarkvm-algorithms v1.5.0
   Compiling snarkvm-console-network v1.5.0
   Compiling snarkvm-circuit-environment v1.5.0
   Compiling snarkvm-console-account v1.5.0
   Compiling snarkvm-console-program v1.5.0
   Compiling snarkvm-circuit-types-boolean v1.5.0
   Compiling snarkvm-circuit-types-field v1.5.0
   Compiling snarkvm-circuit-types-scalar v1.5.0
   Compiling snarkvm-circuit-types-integers v1.5.0
   Compiling snarkvm-circuit-types-group v1.5.0
   Compiling snarkvm-circuit-types-address v1.5.0
   Compiling snarkvm-console v1.5.0
   Compiling snarkvm-ledger-puzzle v1.5.0
   Compiling snarkvm-ledger-narwhal-data v1.5.0
   Compiling snarkvm-ledger-narwhal-transmission-id v1.5.0
   Compiling snarkvm-ledger-narwhal-batch-header v1.5.0
   Compiling snarkvm-ledger-committee v1.5.0
   Compiling snarkvm-ledger-narwhal-batch-certificate v1.5.0
   Compiling snarkvm-ledger-narwhal-subdag v1.5.0
   Compiling snarkvm-ledger-authority v1.5.0
   Compiling snarkvm-circuit-types-string v1.5.0
   Compiling snarkvm-circuit-types v1.5.0
   Compiling snarkvm-circuit-algorithms v1.5.0
   Compiling snarkvm-circuit-collections v1.5.0
   Compiling snarkvm-circuit-network v1.5.0
   Compiling snarkvm-circuit-account v1.5.0
   Compiling snarkvm-circuit-program v1.5.0
   Compiling snarkvm-circuit v1.5.0
   Compiling snarkvm-synthesizer-snark v1.5.0
   Compiling snarkvm-synthesizer-program v1.5.0
   Compiling snarkvm-ledger-block v1.5.0
   Compiling snarkvm-ledger-store v1.5.0
   Compiling snarkvm-ledger-query v1.5.0
   Compiling snarkvm-synthesizer-process v1.5.0
